------------------------------------------------------------
Timing Analyzer Summary
------------------------------------------------------------

Type  : Slow 1100mV 85C Model Setup 'clk'
Slack : -3.161
TNS   : -129.790

Type  : Slow 1100mV 85C Model Hold 'clk'
Slack : 0.444
TNS   : 0.000

Type  : Slow 1100mV 85C Model Minimum Pulse Width 'clk'
Slack : -0.538
TNS   : -33.896

Type  : Slow 1100mV 0C Model Setup 'clk'
Slack : -3.003
TNS   : -124.185

Type  : Slow 1100mV 0C Model Hold 'clk'
Slack : 0.450
TNS   : 0.000

Type  : Slow 1100mV 0C Model Minimum Pulse Width 'clk'
Slack : -0.538
TNS   : -37.979

Type  : Fast 1100mV 85C Model Setup 'clk'
Slack : -0.993
TNS   : -37.489

Type  : Fast 1100mV 85C Model Hold 'clk'
Slack : 0.183
TNS   : 0.000

Type  : Fast 1100mV 85C Model Minimum Pulse Width 'clk'
Slack : -0.057
TNS   : -2.420

Type  : Fast 1100mV 0C Model Setup 'clk'
Slack : -0.809
TNS   : -30.382

Type  : Fast 1100mV 0C Model Hold 'clk'
Slack : 0.176
TNS   : 0.000

Type  : Fast 1100mV 0C Model Minimum Pulse Width 'clk'
Slack : -0.059
TNS   : -2.522

------------------------------------------------------------
